                                                        
     Projects                                           
                                                        
    [38;2;119;119;119m[38;2;92;92;92mNo projects[m[m                                         
                                                        
  [38;2;98;98;98mNo projects.[m                                          
                                                        
                                                        
                                                        
                                                        
                                                        
                                                        
                                                        
                                                        
                                                        
                                                        
                                                        
                                                        
                                                        
                                                        
                                                        
                                                        
                                                        
                                                        
                                                        
                                                        
                                                        
                                                        
                                                        
                                                        
                                                        
                                                        
                                                        
                                                        
                                                        
                                                        
                                                        
                                                        
                                                        
                                                        
                                                        
                                                        
                                                        
                                                        
                                                        
                                                        
                                                        
                                                        
                                                        
                                                        
                                                        
                                                        
                                                        
                                                        
                                                        
                                                        
                                                        
                                                        
                                                        
                                                        
                                                        
                                                        
                                                        
                                                        
                                                        
                                                        
                                                        
                                                        
                                                        
                                                        
                                                        
                                                        
                                                        
                                                        
                                                        
                                                        
                                                        
                                                        
                                                        
                                                        
                                                        
                                                        
                                                        
                                                        
                                                        
                                                        
                                                        
                                                        
                                                        
                                                        
                                                        
                                                        
                                                        
                                                        
                                                        
                                                        
                                                        
                                                        
    [38;2;98;98;98m↑/k[m [38;2;74;74;74mup[m[38;2;60;60;60m • [m[38;2;98;98;98m↓/j[m [38;2;74;74;74mdown[m[38;2;60;60;60m • [m[38;2;98;98;98m/[m [38;2;74;74;74mfilter[m[38;2;60;60;60m • [m[38;2;98;98;98mq/esc[m [38;2;74;74;74mquit[m[38;2;60;60;60m • [m[38;2;98;98;98m?[m [38;2;74;74;74mmore[m  
                                                        