                                                                                    
     Projects                                                                       
                                                                                    
    1 project                                                                       
                                                                                    
  │ Test1                                                      0/0 tasks completed  
  │ Desc1                                                                           
  │                                                                                 
                                                                                    
                                                                                    
                                                                                    
                                                                                    
                                                                                    
                                                                                    
                                                                                    
                                                                                    
                                                                                    
                                                                                    
                                                                                    
                                                                                    
                                                                                    
                                                                                    
                                                                                    
                                                                                    
                                                                                    
                                                                                    
                                                                                    
                                                                                    
                                                                                    
                                                                                    
                                                                                    
                                                                                    
                                                                                    
                                                                                    
                                                                                    
                                                                                    
                                                                                    
                                                                                    
                                                                                    
                                                                                    
                                                                                    
                                                                                    
                                                                                    
                                                                                    
                                                                                    
                                                                                    
                                                                                    
                                                                                    
                                                                                    
                                                                                    
                                                                                    
                                                                                    
                                                                                    
                                                                                    
                                                                                    
                                                                                    
                                                                                    
                                                                                    
                                                                                    
                                                                                    
                                                                                    
                                                                                    
                                                                                    
                                                                                    
                                                                                    
                                                                                    
                                                                                    
                                                                                    
                                                                                    
                                                                                    
                                                                                    
                                                                                    
                                                                                    
                                                                                    
                                                                                    
                                                                                    
                                                                                    
                                                                                    
                                                                                    
                                                                                    
                                                                                    
                                                                                    
                                                                                    
                                                                                    
                                                                                    
                                                                                    
                                                                                    
                                                                                    
                                                                                    
                                                                                    
                                                                                    
                                                                                    
                                                                                    
                                                                                    
                                                                                    
                                                                                    
                                                                                    
                                                                                    
    ↑/k up • ↓/j down • / filter • q/esc quit • ? more                              
                                                                                    