                                                                                                                                                                                                                                                                                                            
     Projects                                                                                                                                                                                                                                                                                               
                                                                                                                                                                                                                                                                                                            
    “TestProje…” 1 project                                                                                                                                                                                                                                                                                  
                                                                                                                                                                                                                                                                                                            
  │ TestProject                                                                                                                                                                                                                                                    ░░░░░░░░░░░░░░░░░░░░░░░░░   0%           
  │ Test project description                                                                                                                                                                                                                                       Empty project                            
  │                                                                                                                                                                                                                                                                                                         
                                                                                                                                                                                                                                                                                                            
                                                                                                                                                                                                                                                                                                            
                                                                                                                                                                                                                                                                                                            
                                                                                                                                                                                                                                                                                                            
                                                                                                                                                                                                                                                                                                            
                                                                                                                                                                                                                                                                                                            
                                                                                                                                                                                                                                                                                                            
                                                                                                                                                                                                                                                                                                            
                                                                                                                                                                                                                                                                                                            
                                                                                                                                                                                                                                                                                                            
                                                                                                                                                                                                                                                                                                            
                                                                                                                                                                                                                                                                                                            
                                                                                                                                                                                                                                                                                                            
                                                                                                                                                                                                                                                                                                            
                                                                                                                                                                                                                                                                                                            
                                                                                                                                                                                                                                                                                                            
                                                                                                                                                                                                                                                                                                            
                                                                                                                                                                                                                                                                                                            
                                                                                                                                                                                                                                                                                                            
                                                                                                                                                                                                                                                                                                            
                                                                                                                                                                                                                                                                                                            
                                                                                                                                                                                                                                                                                                            
                                                                                                                                                                                                                                                                                                            
                                                                                                                                                                                                                                                                                                            
                                                                                                                                                                                                                                                                                                            
                                                                                                                                                                                                                                                                                                            
                                                                                                                                                                                                                                                                                                            
                                                                                                                                                                                                                                                                                                            
                                                                                                                                                                                                                                                                                                            
                                                                                                                                                                                                                                                                                                            
                                                                                                                                                                                                                                                                                                            
                                                                                                                                                                                                                                                                                                            
                                                                                                                                                                                                                                                                                                            
                                                                                                                                                                                                                                                                                                            
                                                                                                                                                                                                                                                                                                            
                                                                                                                                                                                                                                                                                                            
                                                                                                                                                                                                                                                                                                            
                                                                                                                                                                                                                                                                                                            
                                                                                                                                                                                                                                                                                                            
                                                                                                                                                                                                                                                                                                            
                                                                                                                                                                                                                                                                                                            
                                                                                                                                                                                                                                                                                                            
                                                                                                                                                                                                                                                                                                            
                                                                                                                                                                                                                                                                                                            
                                                                                                                                                                                                                                                                                                            
                                                                                                                                                                                                                                                                                                            
                                                                                                                                                                                                                                                                                                            
                                                                                                                                                                                                                                                                                                            
                                                                                                                                                                                                                                                                                                            
                                                                                                                                                                                                                                                                                                            
                                                                                                                                                                                                                                                                                                            
                                                                                                                                                                                                                                                                                                            
                                                                                                                                                                                                                                                                                                            
                                                                                                                                                                                                                                                                                                            
                                                                                                                                                                                                                                                                                                            
                                                                                                                                                                                                                                                                                                            
                                                                                                                                                                                                                                                                                                            
                                                                                                                                                                                                                                                                                                            
                                                                                                                                                                                                                                                                                                            
                                                                                                                                                                                                                                                                                                            
                                                                                                                                                                                                                                                                                                            
                                                                                                                                                                                                                                                                                                            
                                                                                                                                                                                                                                                                                                            
                                                                                                                                                                                                                                                                                                            
                                                                                                                                                                                                                                                                                                            
                                                                                                                                                                                                                                                                                                            
                                                                                                                                                                                                                                                                                                            
                                                                                                                                                                                                                                                                                                            
                                                                                                                                                                                                                                                                                                            
                                                                                                                                                                                                                                                                                                            
                                                                                                                                                                                                                                                                                                            
                                                                                                                                                                                                                                                                                                            
                                                                                                                                                                                                                                                                                                            
                                                                                                                                                                                                                                                                                                            
                                                                                                                                                                                                                                                                                                            
                                                                                                                                                                                                                                                                                                            
                                                                                                                                                                                                                                                                                                            
                                                                                                                                                                                                                                                                                                            
                                                                                                                                                                                                                                                                                                            
                                                                                                                                                                                                                                                                                                            
                                                                                                                                                                                                                                                                                                            
                                                                                                                                                                                                                                                                                                            
                                                                                                                                                                                                                                                                                                            
                                                                                                                                                                                                                                                                                                            
                                                                                                                                                                                                                                                                                                            
                                                                                                                                                                                                                                                                                                            
                                                                                                                                                                                                                                                                                                            
                                                                                                                                                                                                                                                                                                            
                                                                                                                                                                                                                                                                                                            
                                                                                                                                                                                                                                                                                                            
    ↑/k up • ↓/j down • / filter • esc clear filter • q/esc quit • ? more                                                                                                                                                                                                                                   
                                                                                                                                                                                                                                                                                                            